Archive member included to satisfy reference by file (symbol)

c:/st/stm32cubeide_1.1.0/stm32cubeide/plugins/com.st.stm32cube.ide.mcu.externaltools.gnu-tools-for-stm32.7-2018-q2-update.win32_1.0.0.201904181610/tools/bin/../lib/gcc/arm-none-eabi/7.3.1/../../../../arm-none-eabi/lib/thumb/v7e-m/fpv4-sp/hard\libc_nano.a(lib_a-errno.o)
                              Core/Src/syscalls.o (__errno)
c:/st/stm32cubeide_1.1.0/stm32cubeide/plugins/com.st.stm32cube.ide.mcu.externaltools.gnu-tools-for-stm32.7-2018-q2-update.win32_1.0.0.201904181610/tools/bin/../lib/gcc/arm-none-eabi/7.3.1/../../../../arm-none-eabi/lib/thumb/v7e-m/fpv4-sp/hard\libc_nano.a(lib_a-exit.o)
                              c:/st/stm32cubeide_1.1.0/stm32cubeide/plugins/com.st.stm32cube.ide.mcu.externaltools.gnu-tools-for-stm32.7-2018-q2-update.win32_1.0.0.201904181610/tools/bin/../lib/gcc/arm-none-eabi/7.3.1/../../../../arm-none-eabi/lib/thumb/v7e-m/fpv4-sp/hard/crt0.o (exit)
c:/st/stm32cubeide_1.1.0/stm32cubeide/plugins/com.st.stm32cube.ide.mcu.externaltools.gnu-tools-for-stm32.7-2018-q2-update.win32_1.0.0.201904181610/tools/bin/../lib/gcc/arm-none-eabi/7.3.1/../../../../arm-none-eabi/lib/thumb/v7e-m/fpv4-sp/hard\libc_nano.a(lib_a-impure.o)
                              c:/st/stm32cubeide_1.1.0/stm32cubeide/plugins/com.st.stm32cube.ide.mcu.externaltools.gnu-tools-for-stm32.7-2018-q2-update.win32_1.0.0.201904181610/tools/bin/../lib/gcc/arm-none-eabi/7.3.1/../../../../arm-none-eabi/lib/thumb/v7e-m/fpv4-sp/hard\libc_nano.a(lib_a-exit.o) (_global_impure_ptr)
c:/st/stm32cubeide_1.1.0/stm32cubeide/plugins/com.st.stm32cube.ide.mcu.externaltools.gnu-tools-for-stm32.7-2018-q2-update.win32_1.0.0.201904181610/tools/bin/../lib/gcc/arm-none-eabi/7.3.1/../../../../arm-none-eabi/lib/thumb/v7e-m/fpv4-sp/hard\libc_nano.a(lib_a-init.o)
                              c:/st/stm32cubeide_1.1.0/stm32cubeide/plugins/com.st.stm32cube.ide.mcu.externaltools.gnu-tools-for-stm32.7-2018-q2-update.win32_1.0.0.201904181610/tools/bin/../lib/gcc/arm-none-eabi/7.3.1/../../../../arm-none-eabi/lib/thumb/v7e-m/fpv4-sp/hard/crt0.o (__libc_init_array)
c:/st/stm32cubeide_1.1.0/stm32cubeide/plugins/com.st.stm32cube.ide.mcu.externaltools.gnu-tools-for-stm32.7-2018-q2-update.win32_1.0.0.201904181610/tools/bin/../lib/gcc/arm-none-eabi/7.3.1/../../../../arm-none-eabi/lib/thumb/v7e-m/fpv4-sp/hard\libc_nano.a(lib_a-memset.o)
                              c:/st/stm32cubeide_1.1.0/stm32cubeide/plugins/com.st.stm32cube.ide.mcu.externaltools.gnu-tools-for-stm32.7-2018-q2-update.win32_1.0.0.201904181610/tools/bin/../lib/gcc/arm-none-eabi/7.3.1/../../../../arm-none-eabi/lib/thumb/v7e-m/fpv4-sp/hard/crt0.o (memset)
c:/st/stm32cubeide_1.1.0/stm32cubeide/plugins/com.st.stm32cube.ide.mcu.externaltools.gnu-tools-for-stm32.7-2018-q2-update.win32_1.0.0.201904181610/tools/bin/../lib/gcc/arm-none-eabi/7.3.1/thumb/v7e-m/fpv4-sp/hard\libgcc.a(_aeabi_uldivmod.o)
                              Drivers/STM32F4xx_HAL_Driver/Src/stm32f4xx_hal_rcc.o (__aeabi_uldivmod)
c:/st/stm32cubeide_1.1.0/stm32cubeide/plugins/com.st.stm32cube.ide.mcu.externaltools.gnu-tools-for-stm32.7-2018-q2-update.win32_1.0.0.201904181610/tools/bin/../lib/gcc/arm-none-eabi/7.3.1/thumb/v7e-m/fpv4-sp/hard\libgcc.a(_udivmoddi4.o)
                              c:/st/stm32cubeide_1.1.0/stm32cubeide/plugins/com.st.stm32cube.ide.mcu.externaltools.gnu-tools-for-stm32.7-2018-q2-update.win32_1.0.0.201904181610/tools/bin/../lib/gcc/arm-none-eabi/7.3.1/thumb/v7e-m/fpv4-sp/hard\libgcc.a(_aeabi_uldivmod.o) (__udivmoddi4)
c:/st/stm32cubeide_1.1.0/stm32cubeide/plugins/com.st.stm32cube.ide.mcu.externaltools.gnu-tools-for-stm32.7-2018-q2-update.win32_1.0.0.201904181610/tools/bin/../lib/gcc/arm-none-eabi/7.3.1/thumb/v7e-m/fpv4-sp/hard\libgcc.a(_dvmd_tls.o)
                              c:/st/stm32cubeide_1.1.0/stm32cubeide/plugins/com.st.stm32cube.ide.mcu.externaltools.gnu-tools-for-stm32.7-2018-q2-update.win32_1.0.0.201904181610/tools/bin/../lib/gcc/arm-none-eabi/7.3.1/thumb/v7e-m/fpv4-sp/hard\libgcc.a(_aeabi_uldivmod.o) (__aeabi_ldiv0)

Allocating common symbols
Common symbol       size              file

huart3              0x40              Core/Src/usart.o
hpcd_USB_OTG_FS     0x408             Core/Src/usb_otg.o
uwTick              0x4               Drivers/STM32F4xx_HAL_Driver/Src/stm32f4xx_hal.o
pFlash              0x20              Drivers/STM32F4xx_HAL_Driver/Src/stm32f4xx_hal_flash.o
htim1               0x40              Core/Src/tim.o
heth                0x48              Core/Src/eth.o

Discarded input sections

 .text          0x0000000000000000        0x0 c:/st/stm32cubeide_1.1.0/stm32cubeide/plugins/com.st.stm32cube.ide.mcu.externaltools.gnu-tools-for-stm32.7-2018-q2-update.win32_1.0.0.201904181610/tools/bin/../lib/gcc/arm-none-eabi/7.3.1/thumb/v7e-m/fpv4-sp/hard/crti.o
[...]
Memory Configuration

Name             Origin             Length             Attributes
CCMRAM           0x0000000010000000 0x0000000000010000 xrw
RAM              0x0000000020000000 0x0000000000030000 xrw
FLASH            0x0000000008000000 0x0000000000200000 xr
*default*        0x0000000000000000 0xffffffffffffffff

Linker script and memory map

LOAD c:/st/stm32cubeide_1.1.0/stm32cubeide/plugins/com.st.stm32cube.ide.mcu.externaltools.gnu-tools-for-stm32.7-2018-q2-update.win32_1.0.0.201904181610/tools/bin/../lib/gcc/arm-none-eabi/7.3.1/thumb/v7e-m/fpv4-sp/hard/crti.o
LOAD c:/st/stm32cubeide_1.1.0/stm32cubeide/plugins/com.st.stm32cube.ide.mcu.externaltools.gnu-tools-for-stm32.7-2018-q2-update.win32_1.0.0.201904181610/tools/bin/../lib/gcc/arm-none-eabi/7.3.1/thumb/v7e-m/fpv4-sp/hard/crtbegin.o
LOAD c:/st/stm32cubeide_1.1.0/stm32cubeide/plugins/com.st.stm32cube.ide.mcu.externaltools.gnu-tools-for-stm32.7-2018-q2-update.win32_1.0.0.201904181610/tools/bin/../lib/gcc/arm-none-eabi/7.3.1/../../../../arm-none-eabi/lib/thumb/v7e-m/fpv4-sp/hard/crt0.o
LOAD Core/Src/MVCD_ST7920lib.o
LOAD Core/Src/eth.o
LOAD Core/Src/gpio.o
LOAD Core/Src/main.o
LOAD Core/Src/stm32f4xx_hal_msp.o
LOAD Core/Src/stm32f4xx_it.o
LOAD Core/Src/sys.o
LOAD Core/Src/syscalls.o
LOAD Core/Src/sysmem.o
LOAD Core/Src/system_stm32f4xx.o
LOAD Core/Src/tim.o
LOAD Core/Src/usart.o
LOAD Core/Src/usb_otg.o
LOAD Core/Startup/startup_stm32f429zitx.o
LOAD Drivers/STM32F4xx_HAL_Driver/Src/stm32f4xx_hal.o
LOAD Drivers/STM32F4xx_HAL_Driver/Src/stm32f4xx_hal_cortex.o
LOAD Drivers/STM32F4xx_HAL_Driver/Src/stm32f4xx_hal_dma.o
LOAD Drivers/STM32F4xx_HAL_Driver/Src/stm32f4xx_hal_dma_ex.o
LOAD Drivers/STM32F4xx_HAL_Driver/Src/stm32f4xx_hal_eth.o
LOAD Drivers/STM32F4xx_HAL_Driver/Src/stm32f4xx_hal_exti.o
LOAD Drivers/STM32F4xx_HAL_Driver/Src/stm32f4xx_hal_flash.o
LOAD Drivers/STM32F4xx_HAL_Driver/Src/stm32f4xx_hal_flash_ex.o
LOAD Drivers/STM32F4xx_HAL_Driver/Src/stm32f4xx_hal_flash_ramfunc.o
LOAD Drivers/STM32F4xx_HAL_Driver/Src/stm32f4xx_hal_gpio.o
LOAD Drivers/STM32F4xx_HAL_Driver/Src/stm32f4xx_hal_pcd.o
LOAD Drivers/STM32F4xx_HAL_Driver/Src/stm32f4xx_hal_pcd_ex.o
LOAD Drivers/STM32F4xx_HAL_Driver/Src/stm32f4xx_hal_pwr.o
LOAD Drivers/STM32F4xx_HAL_Driver/Src/stm32f4xx_hal_pwr_ex.o
LOAD Drivers/STM32F4xx_HAL_Driver/Src/stm32f4xx_hal_rcc.o
LOAD Drivers/STM32F4xx_HAL_Driver/Src/stm32f4xx_hal_rcc_ex.o
LOAD Drivers/STM32F4xx_HAL_Driver/Src/stm32f4xx_hal_tim.o
LOAD Drivers/STM32F4xx_HAL_Driver/Src/stm32f4xx_hal_tim_ex.o
LOAD Drivers/STM32F4xx_HAL_Driver/Src/stm32f4xx_hal_uart.o
LOAD Drivers/STM32F4xx_HAL_Driver/Src/stm32f4xx_ll_usb.o
START GROUP
LOAD c:/st/stm32cubeide_1.1.0/stm32cubeide/plugins/com.st.stm32cube.ide.mcu.externaltools.gnu-tools-for-stm32.7-2018-q2-update.win32_1.0.0.201904181610/tools/bin/../lib/gcc/arm-none-eabi/7.3.1/../../../../arm-none-eabi/lib/thumb/v7e-m/fpv4-sp/hard\libstdc++_nano.a
LOAD c:/st/stm32cubeide_1.1.0/stm32cubeide/plugins/com.st.stm32cube.ide.mcu.externaltools.gnu-tools-for-stm32.7-2018-q2-update.win32_1.0.0.201904181610/tools/bin/../lib/gcc/arm-none-eabi/7.3.1/../../../../arm-none-eabi/lib/thumb/v7e-m/fpv4-sp/hard\libsupc++_nano.a
END GROUP
LOAD c:/st/stm32cubeide_1.1.0/stm32cubeide/plugins/com.st.stm32cube.ide.mcu.externaltools.gnu-tools-for-stm32.7-2018-q2-update.win32_1.0.0.201904181610/tools/bin/../lib/gcc/arm-none-eabi/7.3.1/../../../../arm-none-eabi/lib/thumb/v7e-m/fpv4-sp/hard\libstdc++_nano.a
LOAD c:/st/stm32cubeide_1.1.0/stm32cubeide/plugins/com.st.stm32cube.ide.mcu.externaltools.gnu-tools-for-stm32.7-2018-q2-update.win32_1.0.0.201904181610/tools/bin/../lib/gcc/arm-none-eabi/7.3.1/../../../../arm-none-eabi/lib/thumb/v7e-m/fpv4-sp/hard\libm.a
LOAD c:/st/stm32cubeide_1.1.0/stm32cubeide/plugins/com.st.stm32cube.ide.mcu.externaltools.gnu-tools-for-stm32.7-2018-q2-update.win32_1.0.0.201904181610/tools/bin/../lib/gcc/arm-none-eabi/7.3.1/../../../../arm-none-eabi/lib/thumb/v7e-m/fpv4-sp/hard\libc_nano.a
START GROUP
LOAD c:/st/stm32cubeide_1.1.0/stm32cubeide/plugins/com.st.stm32cube.ide.mcu.externaltools.gnu-tools-for-stm32.7-2018-q2-update.win32_1.0.0.201904181610/tools/bin/../lib/gcc/arm-none-eabi/7.3.1/thumb/v7e-m/fpv4-sp/hard\libgcc.a
LOAD c:/st/stm32cubeide_1.1.0/stm32cubeide/plugins/com.st.stm32cube.ide.mcu.externaltools.gnu-tools-for-stm32.7-2018-q2-update.win32_1.0.0.201904181610/tools/bin/../lib/gcc/arm-none-eabi/7.3.1/../../../../arm-none-eabi/lib/thumb/v7e-m/fpv4-sp/hard\libc_nano.a
END GROUP
START GROUP
LOAD c:/st/stm32cubeide_1.1.0/stm32cubeide/plugins/com.st.stm32cube.ide.mcu.externaltools.gnu-tools-for-stm32.7-2018-q2-update.win32_1.0.0.201904181610/tools/bin/../lib/gcc/arm-none-eabi/7.3.1/thumb/v7e-m/fpv4-sp/hard\libgcc.a
LOAD c:/st/stm32cubeide_1.1.0/stm32cubeide/plugins/com.st.stm32cube.ide.mcu.externaltools.gnu-tools-for-stm32.7-2018-q2-update.win32_1.0.0.201904181610/tools/bin/../lib/gcc/arm-none-eabi/7.3.1/../../../../arm-none-eabi/lib/thumb/v7e-m/fpv4-sp/hard\libc_nano.a
LOAD c:/st/stm32cubeide_1.1.0/stm32cubeide/plugins/com.st.stm32cube.ide.mcu.externaltools.gnu-tools-for-stm32.7-2018-q2-update.win32_1.0.0.201904181610/tools/bin/../lib/gcc/arm-none-eabi/7.3.1/../../../../arm-none-eabi/lib/thumb/v7e-m/fpv4-sp/hard\libnosys.a
END GROUP
START GROUP
LOAD c:/st/stm32cubeide_1.1.0/stm32cubeide/plugins/com.st.stm32cube.ide.mcu.externaltools.gnu-tools-for-stm32.7-2018-q2-update.win32_1.0.0.201904181610/tools/bin/../lib/gcc/arm-none-eabi/7.3.1/thumb/v7e-m/fpv4-sp/hard\libgcc.a
LOAD c:/st/stm32cubeide_1.1.0/stm32cubeide/plugins/com.st.stm32cube.ide.mcu.externaltools.gnu-tools-for-stm32.7-2018-q2-update.win32_1.0.0.201904181610/tools/bin/../lib/gcc/arm-none-eabi/7.3.1/../../../../arm-none-eabi/lib/thumb/v7e-m/fpv4-sp/hard\libc_nano.a
LOAD c:/st/stm32cubeide_1.1.0/stm32cubeide/plugins/com.st.stm32cube.ide.mcu.externaltools.gnu-tools-for-stm32.7-2018-q2-update.win32_1.0.0.201904181610/tools/bin/../lib/gcc/arm-none-eabi/7.3.1/../../../../arm-none-eabi/lib/thumb/v7e-m/fpv4-sp/hard\libnosys.a
END GROUP
LOAD c:/st/stm32cubeide_1.1.0/stm32cubeide/plugins/com.st.stm32cube.ide.mcu.externaltools.gnu-tools-for-stm32.7-2018-q2-update.win32_1.0.0.201904181610/tools/bin/../lib/gcc/arm-none-eabi/7.3.1/thumb/v7e-m/fpv4-sp/hard/crtend.o
LOAD c:/st/stm32cubeide_1.1.0/stm32cubeide/plugins/com.st.stm32cube.ide.mcu.externaltools.gnu-tools-for-stm32.7-2018-q2-update.win32_1.0.0.201904181610/tools/bin/../lib/gcc/arm-none-eabi/7.3.1/thumb/v7e-m/fpv4-sp/hard/crtn.o
                0x0000000020030000                _estack = (ORIGIN (RAM) + LENGTH (RAM))
                0x0000000000000200                _Min_Heap_Size = 0x200
                0x0000000000000400                _Min_Stack_Size = 0x400

.isr_vector     0x0000000008000000      0x1ac
                0x0000000008000000                . = ALIGN (0x4)
 *(.isr_vector)
 .isr_vector    0x0000000008000000      0x1ac Core/Startup/startup_stm32f429zitx.o
                0x0000000008000000                g_pfnVectors
                0x00000000080001ac                . = ALIGN (0x4)

.text           0x00000000080001ac     0x3b90
                0x00000000080001ac                . = ALIGN (0x4)
 *(.text)
 .text          0x00000000080001ac       0x40 c:/st/stm32cubeide_1.1.0/stm32cubeide/plugins/com.st.stm32cube.ide.mcu.externaltools.gnu-tools-for-stm32.7-2018-q2-update.win32_1.0.0.201904181610/tools/bin/../lib/gcc/arm-none-eabi/7.3.1/thumb/v7e-m/fpv4-sp/hard/crtbegin.o
 .text          0x00000000080001ec       0x30 c:/st/stm32cubeide_1.1.0/stm32cubeide/plugins/com.st.stm32cube.ide.mcu.externaltools.gnu-tools-for-stm32.7-2018-q2-update.win32_1.0.0.201904181610/tools/bin/../lib/gcc/arm-none-eabi/7.3.1/thumb/v7e-m/fpv4-sp/hard\libgcc.a(_aeabi_uldivmod.o)
                0x00000000080001ec                __aeabi_uldivmod
 .text          0x000000000800021c      0x2cc c:/st/stm32cubeide_1.1.0/stm32cubeide/plugins/com.st.stm32cube.ide.mcu.externaltools.gnu-tools-for-stm32.7-2018-q2-update.win32_1.0.0.201904181610/tools/bin/../lib/gcc/arm-none-eabi/7.3.1/thumb/v7e-m/fpv4-sp/hard\libgcc.a(_udivmoddi4.o)
                0x000000000800021c                __udivmoddi4
 .text          0x00000000080004e8        0x4 c:/st/stm32cubeide_1.1.0/stm32cubeide/plugins/com.st.stm32cube.ide.mcu.externaltools.gnu-tools-for-stm32.7-2018-q2-update.win32_1.0.0.201904181610/tools/bin/../lib/gcc/arm-none-eabi/7.3.1/thumb/v7e-m/fpv4-sp/hard\libgcc.a(_dvmd_tls.o)
                0x00000000080004e8                __aeabi_idiv0
                0x00000000080004e8                __aeabi_ldiv0
 *(.text*)
 .text.MVCD_delay_us
                0x00000000080004ec       0x30 Core/Src/MVCD_ST7920lib.o
                0x00000000080004ec                MVCD_delay_us
 .text.MVCD_SendByte_SPI
                0x000000000800051c       0x70 Core/Src/MVCD_ST7920lib.o
                0x000000000800051c                MVCD_SendByte_SPI
 .text.MVCD_ST7920_Send
                0x000000000800058c       0x64 Core/Src/MVCD_ST7920lib.o
                0x000000000800058c                MVCD_ST7920_Send
 .text.MVCD_ST7920_baseinit
                0x00000000080005f0       0x98 Core/Src/MVCD_ST7920lib.o
                0x00000000080005f0                MVCD_ST7920_baseinit
 .text.MX_ETH_Init
                0x0000000008000688       0x80 Core/Src/eth.o
                0x0000000008000688                MX_ETH_Init
 .text.HAL_ETH_MspInit
                0x0000000008000708      0x18c Core/Src/eth.o
                0x0000000008000708                HAL_ETH_MspInit
 .text.MX_GPIO_Init
                0x0000000008000894      0x1f0 Core/Src/gpio.o
                0x0000000008000894                MX_GPIO_Init
 .text.main     0x0000000008000a84       0x4c Core/Src/main.o
                0x0000000008000a84                main
 .text.SystemClock_Config
                0x0000000008000ad0       0xd8 Core/Src/main.o
                0x0000000008000ad0                SystemClock_Config
 .text.Error_Handler
                0x0000000008000ba8        0xe Core/Src/main.o
                0x0000000008000ba8                Error_Handler
 *fill*         0x0000000008000bb6        0x2 
 .text.HAL_MspInit
                0x0000000008000bb8       0x50 Core/Src/stm32f4xx_hal_msp.o
                0x0000000008000bb8                HAL_MspInit
 .text.NMI_Handler
                0x0000000008000c08        0xe Core/Src/stm32f4xx_it.o
                0x0000000008000c08                NMI_Handler
 .text.HardFault_Handler
                0x0000000008000c16        0x6 Core/Src/stm32f4xx_it.o
                0x0000000008000c16                HardFault_Handler
 .text.MemManage_Handler
                0x0000000008000c1c        0x6 Core/Src/stm32f4xx_it.o
                0x0000000008000c1c                MemManage_Handler
 .text.BusFault_Handler
                0x0000000008000c22        0x6 Core/Src/stm32f4xx_it.o
                0x0000000008000c22                BusFault_Handler
 .text.UsageFault_Handler
                0x0000000008000c28        0x6 Core/Src/stm32f4xx_it.o
                0x0000000008000c28                UsageFault_Handler
 .text.SVC_Handler
                0x0000000008000c2e        0xe Core/Src/stm32f4xx_it.o
                0x0000000008000c2e                SVC_Handler
 .text.DebugMon_Handler
                0x0000000008000c3c        0xe Core/Src/stm32f4xx_it.o
                0x0000000008000c3c                DebugMon_Handler
 .text.PendSV_Handler
                0x0000000008000c4a        0xe Core/Src/stm32f4xx_it.o
                0x0000000008000c4a                PendSV_Handler
 .text.SysTick_Handler
                0x0000000008000c58        0xc Core/Src/stm32f4xx_it.o
                0x0000000008000c58                SysTick_Handler
 .text.SystemInit
                0x0000000008000c64       0x2c Core/Src/system_stm32f4xx.o
                0x0000000008000c64                SystemInit
 .text.MX_TIM1_Init
                0x0000000008000c90       0xa0 Core/Src/tim.o
                0x0000000008000c90                MX_TIM1_Init
 .text.HAL_TIM_Base_MspInit
                0x0000000008000d30       0x44 Core/Src/tim.o
                0x0000000008000d30                HAL_TIM_Base_MspInit
 .text.MX_USART3_UART_Init
                0x0000000008000d74       0x54 Core/Src/usart.o
                0x0000000008000d74                MX_USART3_UART_Init
 .text.HAL_UART_MspInit
                0x0000000008000dc8       0x90 Core/Src/usart.o
                0x0000000008000dc8                HAL_UART_MspInit
 .text.MX_USB_OTG_FS_PCD_Init
                0x0000000008000e58       0x5c Core/Src/usb_otg.o
                0x0000000008000e58                MX_USB_OTG_FS_PCD_Init
 .text.HAL_PCD_MspInit
                0x0000000008000eb4       0xb4 Core/Src/usb_otg.o
                0x0000000008000eb4                HAL_PCD_MspInit
 .text.Reset_Handler
                0x0000000008000f68       0x50 Core/Startup/startup_stm32f429zitx.o
                0x0000000008000f68                Reset_Handler
 .text.Default_Handler
                0x0000000008000fb8        0x2 Core/Startup/startup_stm32f429zitx.o
                0x0000000008000fb8                RTC_Alarm_IRQHandler
                0x0000000008000fb8                HASH_RNG_IRQHandler
                0x0000000008000fb8                EXTI2_IRQHandler
                0x0000000008000fb8                TIM8_CC_IRQHandler
                0x0000000008000fb8                UART8_IRQHandler
                0x0000000008000fb8                SPI4_IRQHandler
                0x0000000008000fb8                TIM1_CC_IRQHandler
                0x0000000008000fb8                DMA2_Stream5_IRQHandler
                0x0000000008000fb8                DMA1_Stream5_IRQHandler
                0x0000000008000fb8                PVD_IRQHandler
                0x0000000008000fb8                SDIO_IRQHandler
                0x0000000008000fb8                TAMP_STAMP_IRQHandler
                0x0000000008000fb8                CAN2_RX1_IRQHandler
                0x0000000008000fb8                EXTI3_IRQHandler
                0x0000000008000fb8                TIM8_TRG_COM_TIM14_IRQHandler
                0x0000000008000fb8                TIM1_UP_TIM10_IRQHandler
                0x0000000008000fb8                TIM8_UP_TIM13_IRQHandler
                0x0000000008000fb8                I2C3_ER_IRQHandler
                0x0000000008000fb8                EXTI0_IRQHandler
                0x0000000008000fb8                I2C2_EV_IRQHandler
                0x0000000008000fb8                DMA1_Stream2_IRQHandler
                0x0000000008000fb8                CAN1_RX0_IRQHandler
                0x0000000008000fb8                FPU_IRQHandler
                0x0000000008000fb8                OTG_HS_WKUP_IRQHandler
                0x0000000008000fb8                LTDC_ER_IRQHandler
                0x0000000008000fb8                CAN2_SCE_IRQHandler
                0x0000000008000fb8                DMA2_Stream2_IRQHandler
                0x0000000008000fb8                SPI1_IRQHandler
                0x0000000008000fb8                TIM6_DAC_IRQHandler
                0x0000000008000fb8                TIM1_BRK_TIM9_IRQHandler
                0x0000000008000fb8                DCMI_IRQHandler
                0x0000000008000fb8                CAN2_RX0_IRQHandler
                0x0000000008000fb8                DMA2_Stream3_IRQHandler
                0x0000000008000fb8                USART6_IRQHandler
                0x0000000008000fb8                USART3_IRQHandler
                0x0000000008000fb8                CAN1_RX1_IRQHandler
                0x0000000008000fb8                UART5_IRQHandler
                0x0000000008000fb8                DMA2_Stream0_IRQHandler
                0x0000000008000fb8                TIM4_IRQHandler
                0x0000000008000fb8                I2C1_EV_IRQHandler
                0x0000000008000fb8                DMA1_Stream6_IRQHandler
                0x0000000008000fb8                DMA1_Stream1_IRQHandler
                0x0000000008000fb8                UART4_IRQHandler
                0x0000000008000fb8                TIM3_IRQHandler
                0x0000000008000fb8                RCC_IRQHandler
                0x0000000008000fb8                TIM8_BRK_TIM12_IRQHandler
                0x0000000008000fb8                Default_Handler
                0x0000000008000fb8                EXTI15_10_IRQHandler
                0x0000000008000fb8                ADC_IRQHandler
                0x0000000008000fb8                DMA1_Stream7_IRQHandler
                0x0000000008000fb8                SPI5_IRQHandler
                0x0000000008000fb8                TIM7_IRQHandler
                0x0000000008000fb8                CAN2_TX_IRQHandler
                0x0000000008000fb8                TIM5_IRQHandler
                0x0000000008000fb8                DMA2_Stream7_IRQHandler
                0x0000000008000fb8                I2C3_EV_IRQHandler
                0x0000000008000fb8                EXTI9_5_IRQHandler
                0x0000000008000fb8                RTC_WKUP_IRQHandler
                0x0000000008000fb8                LTDC_IRQHandler
                0x0000000008000fb8                ETH_WKUP_IRQHandler
                0x0000000008000fb8                SPI2_IRQHandler
                0x0000000008000fb8                OTG_HS_EP1_IN_IRQHandler
                0x0000000008000fb8                DMA1_Stream0_IRQHandler
                0x0000000008000fb8                CAN1_TX_IRQHandler
                0x0000000008000fb8                EXTI4_IRQHandler
                0x0000000008000fb8                ETH_IRQHandler
                0x0000000008000fb8                OTG_HS_EP1_OUT_IRQHandler
                0x0000000008000fb8                WWDG_IRQHandler
                0x0000000008000fb8                SPI6_IRQHandler
                0x0000000008000fb8                TIM2_IRQHandler
                0x0000000008000fb8                OTG_FS_WKUP_IRQHandler
                0x0000000008000fb8                TIM1_TRG_COM_TIM11_IRQHandler
                0x0000000008000fb8                OTG_HS_IRQHandler
                0x0000000008000fb8                DMA2D_IRQHandler
                0x0000000008000fb8                EXTI1_IRQHandler
                0x0000000008000fb8                UART7_IRQHandler
                0x0000000008000fb8                USART2_IRQHandler
                0x0000000008000fb8                I2C2_ER_IRQHandler
                0x0000000008000fb8                DMA2_Stream1_IRQHandler
                0x0000000008000fb8                CAN1_SCE_IRQHandler
                0x0000000008000fb8                FLASH_IRQHandler
                0x0000000008000fb8                DMA2_Stream4_IRQHandler
                0x0000000008000fb8                USART1_IRQHandler
                0x0000000008000fb8                OTG_FS_IRQHandler
                0x0000000008000fb8                SPI3_IRQHandler
                0x0000000008000fb8                DMA1_Stream4_IRQHandler
                0x0000000008000fb8                I2C1_ER_IRQHandler
                0x0000000008000fb8                FMC_IRQHandler
                0x0000000008000fb8                DMA2_Stream6_IRQHandler
                0x0000000008000fb8                SAI1_IRQHandler
                0x0000000008000fb8                DMA1_Stream3_IRQHandler
 *fill*         0x0000000008000fba        0x2 
 .text.HAL_Init
                0x0000000008000fbc       0x44 Drivers/STM32F4xx_HAL_Driver/Src/stm32f4xx_hal.o
                0x0000000008000fbc                HAL_Init
 .text.HAL_InitTick
                0x0000000008001000       0x60 Drivers/STM32F4xx_HAL_Driver/Src/stm32f4xx_hal.o
                0x0000000008001000                HAL_InitTick
 .text.HAL_IncTick
                0x0000000008001060       0x28 Drivers/STM32F4xx_HAL_Driver/Src/stm32f4xx_hal.o
                0x0000000008001060                HAL_IncTick
 .text.HAL_GetTick
                0x0000000008001088       0x18 Drivers/STM32F4xx_HAL_Driver/Src/stm32f4xx_hal.o
                0x0000000008001088                HAL_GetTick
 .text.HAL_Delay
                0x00000000080010a0       0x44 Drivers/STM32F4xx_HAL_Driver/Src/stm32f4xx_hal.o
                0x00000000080010a0                HAL_Delay
 .text.__NVIC_SetPriorityGrouping
                0x00000000080010e4       0x48 Drivers/STM32F4xx_HAL_Driver/Src/stm32f4xx_hal_cortex.o
 .text.__NVIC_GetPriorityGrouping
                0x000000000800112c       0x1c Drivers/STM32F4xx_HAL_Driver/Src/stm32f4xx_hal_cortex.o
 .text.__NVIC_SetPriority
                0x0000000008001148       0x54 Drivers/STM32F4xx_HAL_Driver/Src/stm32f4xx_hal_cortex.o
 .text.NVIC_EncodePriority
                0x000000000800119c       0x66 Drivers/STM32F4xx_HAL_Driver/Src/stm32f4xx_hal_cortex.o
 *fill*         0x0000000008001202        0x2 
 .text.SysTick_Config
                0x0000000008001204       0x44 Drivers/STM32F4xx_HAL_Driver/Src/stm32f4xx_hal_cortex.o
 .text.HAL_NVIC_SetPriorityGrouping
                0x0000000008001248       0x16 Drivers/STM32F4xx_HAL_Driver/Src/stm32f4xx_hal_cortex.o
                0x0000000008001248                HAL_NVIC_SetPriorityGrouping
 .text.HAL_NVIC_SetPriority
                0x000000000800125e       0x38 Drivers/STM32F4xx_HAL_Driver/Src/stm32f4xx_hal_cortex.o
                0x000000000800125e                HAL_NVIC_SetPriority
 .text.HAL_SYSTICK_Config
                0x0000000008001296       0x18 Drivers/STM32F4xx_HAL_Driver/Src/stm32f4xx_hal_cortex.o
                0x0000000008001296                HAL_SYSTICK_Config
 *fill*         0x00000000080012ae        0x2 
 .text.HAL_ETH_Init
                0x00000000080012b0      0x33c Drivers/STM32F4xx_HAL_Driver/Src/stm32f4xx_hal_eth.o
                0x00000000080012b0                HAL_ETH_Init
 .text.HAL_ETH_ReadPHYRegister
                0x00000000080015ec       0xd0 Drivers/STM32F4xx_HAL_Driver/Src/stm32f4xx_hal_eth.o
                0x00000000080015ec                HAL_ETH_ReadPHYRegister
 .text.HAL_ETH_WritePHYRegister
                0x00000000080016bc       0xcc Drivers/STM32F4xx_HAL_Driver/Src/stm32f4xx_hal_eth.o
                0x00000000080016bc                HAL_ETH_WritePHYRegister
 .text.ETH_MACDMAConfig
                0x0000000008001788      0x394 Drivers/STM32F4xx_HAL_Driver/Src/stm32f4xx_hal_eth.o
 .text.ETH_MACAddressConfig
                0x0000000008001b1c       0x70 Drivers/STM32F4xx_HAL_Driver/Src/stm32f4xx_hal_eth.o
 .text.HAL_GPIO_Init
                0x0000000008001b8c      0x354 Drivers/STM32F4xx_HAL_Driver/Src/stm32f4xx_hal_gpio.o
                0x0000000008001b8c                HAL_GPIO_Init
 .text.HAL_GPIO_WritePin
                0x0000000008001ee0       0x32 Drivers/STM32F4xx_HAL_Driver/Src/stm32f4xx_hal_gpio.o
                0x0000000008001ee0                HAL_GPIO_WritePin
 .text.HAL_GPIO_TogglePin
                0x0000000008001f12       0x36 Drivers/STM32F4xx_HAL_Driver/Src/stm32f4xx_hal_gpio.o
                0x0000000008001f12                HAL_GPIO_TogglePin
 .text.HAL_PCD_Init
                0x0000000008001f48      0x23a Drivers/STM32F4xx_HAL_Driver/Src/stm32f4xx_hal_pcd.o
                0x0000000008001f48                HAL_PCD_Init
 *fill*         0x0000000008002182        0x2 
 .text.HAL_RCC_OscConfig
                0x0000000008002184      0x4e0 Drivers/STM32F4xx_HAL_Driver/Src/stm32f4xx_hal_rcc.o
                0x0000000008002184                HAL_RCC_OscConfig
 .text.HAL_RCC_ClockConfig
                0x0000000008002664      0x1cc Drivers/STM32F4xx_HAL_Driver/Src/stm32f4xx_hal_rcc.o
                0x0000000008002664                HAL_RCC_ClockConfig
 .text.HAL_RCC_GetSysClockFreq
                0x0000000008002830      0x1b0 Drivers/STM32F4xx_HAL_Driver/Src/stm32f4xx_hal_rcc.o
                0x0000000008002830                HAL_RCC_GetSysClockFreq
 .text.HAL_RCC_GetHCLKFreq
                0x00000000080029e0       0x18 Drivers/STM32F4xx_HAL_Driver/Src/stm32f4xx_hal_rcc.o
                0x00000000080029e0                HAL_RCC_GetHCLKFreq
 .text.HAL_RCC_GetPCLK1Freq
                0x00000000080029f8       0x28 Drivers/STM32F4xx_HAL_Driver/Src/stm32f4xx_hal_rcc.o
                0x00000000080029f8                HAL_RCC_GetPCLK1Freq
 .text.HAL_RCC_GetPCLK2Freq
                0x0000000008002a20       0x28 Drivers/STM32F4xx_HAL_Driver/Src/stm32f4xx_hal_rcc.o
                0x0000000008002a20                HAL_RCC_GetPCLK2Freq
 .text.HAL_TIM_Base_Init
                0x0000000008002a48       0x56 Drivers/STM32F4xx_HAL_Driver/Src/stm32f4xx_hal_tim.o
                0x0000000008002a48                HAL_TIM_Base_Init
 .text.HAL_TIM_Base_Start
                0x0000000008002a9e       0x48 Drivers/STM32F4xx_HAL_Driver/Src/stm32f4xx_hal_tim.o
                0x0000000008002a9e                HAL_TIM_Base_Start
 .text.HAL_TIM_ConfigClockSource
                0x0000000008002ae6      0x16e Drivers/STM32F4xx_HAL_Driver/Src/stm32f4xx_hal_tim.o
                0x0000000008002ae6                HAL_TIM_ConfigClockSource
 .text.TIM_Base_SetConfig
                0x0000000008002c54      0x140 Drivers/STM32F4xx_HAL_Driver/Src/stm32f4xx_hal_tim.o
                0x0000000008002c54                TIM_Base_SetConfig
 .text.TIM_TI1_ConfigInputStage
                0x0000000008002d94       0x5e Drivers/STM32F4xx_HAL_Driver/Src/stm32f4xx_hal_tim.o
 .text.TIM_TI2_ConfigInputStage
                0x0000000008002df2       0x60 Drivers/STM32F4xx_HAL_Driver/Src/stm32f4xx_hal_tim.o
 .text.TIM_ITRx_SetConfig
                0x0000000008002e52       0x36 Drivers/STM32F4xx_HAL_Driver/Src/stm32f4xx_hal_tim.o
 .text.TIM_ETR_SetConfig
                0x0000000008002e88       0x40 Drivers/STM32F4xx_HAL_Driver/Src/stm32f4xx_hal_tim.o
                0x0000000008002e88                TIM_ETR_SetConfig
 .text.HAL_TIMEx_MasterConfigSynchronization
                0x0000000008002ec8       0xf8 Drivers/STM32F4xx_HAL_Driver/Src/stm32f4xx_hal_tim_ex.o
                0x0000000008002ec8                HAL_TIMEx_MasterConfigSynchronization
 .text.HAL_UART_Init
                0x0000000008002fc0       0x9a Drivers/STM32F4xx_HAL_Driver/Src/stm32f4xx_hal_uart.o
                0x0000000008002fc0                HAL_UART_Init
 *fill*         0x000000000800305a        0x2 
 .text.UART_SetConfig
                0x000000000800305c      0x6f8 Drivers/STM32F4xx_HAL_Driver/Src/stm32f4xx_hal_uart.o
 .text.USB_CoreInit
                0x0000000008003754       0xc2 Drivers/STM32F4xx_HAL_Driver/Src/stm32f4xx_ll_usb.o
                0x0000000008003754                USB_CoreInit
 .text.USB_DisableGlobalInt
                0x0000000008003816       0x22 Drivers/STM32F4xx_HAL_Driver/Src/stm32f4xx_ll_usb.o
                0x0000000008003816                USB_DisableGlobalInt
 .text.USB_SetCurrentMode
                0x0000000008003838       0x54 Drivers/STM32F4xx_HAL_Driver/Src/stm32f4xx_ll_usb.o
                0x0000000008003838                USB_SetCurrentMode
 .text.USB_DevInit
                0x000000000800388c      0x2e4 Drivers/STM32F4xx_HAL_Driver/Src/stm32f4xx_ll_usb.o
                0x000000000800388c                USB_DevInit
 .text.USB_FlushTxFifo
                0x0000000008003b70       0x4c Drivers/STM32F4xx_HAL_Driver/Src/stm32f4xx_ll_usb.o
                0x0000000008003b70                USB_FlushTxFifo
 .text.USB_FlushRxFifo
                0x0000000008003bbc       0x44 Drivers/STM32F4xx_HAL_Driver/Src/stm32f4xx_ll_usb.o
                0x0000000008003bbc                USB_FlushRxFifo
 .text.USB_SetDevSpeed
                0x0000000008003c00       0x32 Drivers/STM32F4xx_HAL_Driver/Src/stm32f4xx_ll_usb.o
                0x0000000008003c00                USB_SetDevSpeed
 .text.USB_DevDisconnect
                0x0000000008003c32       0x30 Drivers/STM32F4xx_HAL_Driver/Src/stm32f4xx_ll_usb.o
                0x0000000008003c32                USB_DevDisconnect
 *fill*         0x0000000008003c62        0x2 
 .text.USB_CoreReset
                0x0000000008003c64       0x68 Drivers/STM32F4xx_HAL_Driver/Src/stm32f4xx_ll_usb.o
 .text.__libc_init_array
                0x0000000008003ccc       0x48 c:/st/stm32cubeide_1.1.0/stm32cubeide/plugins/com.st.stm32cube.ide.mcu.externaltools.gnu-tools-for-stm32.7-2018-q2-update.win32_1.0.0.201904181610/tools/bin/../lib/gcc/arm-none-eabi/7.3.1/../../../../arm-none-eabi/lib/thumb/v7e-m/fpv4-sp/hard\libc_nano.a(lib_a-init.o)
                0x0000000008003ccc                __libc_init_array
 .text.memset   0x0000000008003d14       0x10 c:/st/stm32cubeide_1.1.0/stm32cubeide/plugins/com.st.stm32cube.ide.mcu.externaltools.gnu-tools-for-stm32.7-2018-q2-update.win32_1.0.0.201904181610/tools/bin/../lib/gcc/arm-none-eabi/7.3.1/../../../../arm-none-eabi/lib/thumb/v7e-m/fpv4-sp/hard\libc_nano.a(lib_a-memset.o)
                0x0000000008003d14                memset
 *(.glue_7)
 .glue_7        0x0000000008003d24        0x0 linker stubs
 *(.glue_7t)
 .glue_7t       0x0000000008003d24        0x0 linker stubs
 *(.eh_frame)
 .eh_frame      0x0000000008003d24        0x0 c:/st/stm32cubeide_1.1.0/stm32cubeide/plugins/com.st.stm32cube.ide.mcu.externaltools.gnu-tools-for-stm32.7-2018-q2-update.win32_1.0.0.201904181610/tools/bin/../lib/gcc/arm-none-eabi/7.3.1/thumb/v7e-m/fpv4-sp/hard/crtbegin.o
 *(.init)
 .init          0x0000000008003d24        0x4 c:/st/stm32cubeide_1.1.0/stm32cubeide/plugins/com.st.stm32cube.ide.mcu.externaltools.gnu-tools-for-stm32.7-2018-q2-update.win32_1.0.0.201904181610/tools/bin/../lib/gcc/arm-none-eabi/7.3.1/thumb/v7e-m/fpv4-sp/hard/crti.o
                0x0000000008003d24                _init
 .init          0x0000000008003d28        0x8 c:/st/stm32cubeide_1.1.0/stm32cubeide/plugins/com.st.stm32cube.ide.mcu.externaltools.gnu-tools-for-stm32.7-2018-q2-update.win32_1.0.0.201904181610/tools/bin/../lib/gcc/arm-none-eabi/7.3.1/thumb/v7e-m/fpv4-sp/hard/crtn.o
 *(.fini)
 .fini          0x0000000008003d30        0x4 c:/st/stm32cubeide_1.1.0/stm32cubeide/plugins/com.st.stm32cube.ide.mcu.externaltools.gnu-tools-for-stm32.7-2018-q2-update.win32_1.0.0.201904181610/tools/bin/../lib/gcc/arm-none-eabi/7.3.1/thumb/v7e-m/fpv4-sp/hard/crti.o
                0x0000000008003d30                _fini
 .fini          0x0000000008003d34        0x8 c:/st/stm32cubeide_1.1.0/stm32cubeide/plugins/com.st.stm32cube.ide.mcu.externaltools.gnu-tools-for-stm32.7-2018-q2-update.win32_1.0.0.201904181610/tools/bin/../lib/gcc/arm-none-eabi/7.3.1/thumb/v7e-m/fpv4-sp/hard/crtn.o
                0x0000000008003d3c                . = ALIGN (0x4)
                0x0000000008003d3c                _etext = .

.vfp11_veneer   0x0000000008003d3c        0x0
 .vfp11_veneer  0x0000000008003d3c        0x0 linker stubs

.v4_bx          0x0000000008003d3c        0x0
 .v4_bx         0x0000000008003d3c        0x0 linker stubs

.iplt           0x0000000008003d3c        0x0
 .iplt          0x0000000008003d3c        0x0 c:/st/stm32cubeide_1.1.0/stm32cubeide/plugins/com.st.stm32cube.ide.mcu.externaltools.gnu-tools-for-stm32.7-2018-q2-update.win32_1.0.0.201904181610/tools/bin/../lib/gcc/arm-none-eabi/7.3.1/thumb/v7e-m/fpv4-sp/hard/crtbegin.o

.rodata         0x0000000008003d3c       0x18
                0x0000000008003d3c                . = ALIGN (0x4)
 *(.rodata)
 *(.rodata*)
 .rodata.AHBPrescTable
                0x0000000008003d3c       0x10 Core/Src/system_stm32f4xx.o
                0x0000000008003d3c                AHBPrescTable
 .rodata.APBPrescTable
                0x0000000008003d4c        0x8 Core/Src/system_stm32f4xx.o
                0x0000000008003d4c                APBPrescTable
                0x0000000008003d54                . = ALIGN (0x4)

.ARM.extab      0x0000000008003d54        0x0
                0x0000000008003d54                . = ALIGN (0x4)
 *(.ARM.extab* .gnu.linkonce.armextab.*)
                0x0000000008003d54                . = ALIGN (0x4)

.ARM            0x0000000008003d54        0x8
                0x0000000008003d54                . = ALIGN (0x4)
                0x0000000008003d54                __exidx_start = .
 *(.ARM.exidx*)
 .ARM.exidx     0x0000000008003d54        0x8 c:/st/stm32cubeide_1.1.0/stm32cubeide/plugins/com.st.stm32cube.ide.mcu.externaltools.gnu-tools-for-stm32.7-2018-q2-update.win32_1.0.0.201904181610/tools/bin/../lib/gcc/arm-none-eabi/7.3.1/thumb/v7e-m/fpv4-sp/hard\libgcc.a(_udivmoddi4.o)
                0x0000000008003d5c                __exidx_end = .
                0x0000000008003d5c                . = ALIGN (0x4)

.rel.dyn        0x0000000008003d5c        0x0
 .rel.iplt      0x0000000008003d5c        0x0 c:/st/stm32cubeide_1.1.0/stm32cubeide/plugins/com.st.stm32cube.ide.mcu.externaltools.gnu-tools-for-stm32.7-2018-q2-update.win32_1.0.0.201904181610/tools/bin/../lib/gcc/arm-none-eabi/7.3.1/thumb/v7e-m/fpv4-sp/hard/crtbegin.o

.preinit_array  0x0000000008003d5c        0x0
                0x0000000008003d5c                . = ALIGN (0x4)
                0x0000000008003d5c                PROVIDE (__preinit_array_start = .)
 *(.preinit_array*)
                0x0000000008003d5c                PROVIDE (__preinit_array_end = .)
                0x0000000008003d5c                . = ALIGN (0x4)

.init_array     0x0000000008003d5c        0x4
                0x0000000008003d5c                . = ALIGN (0x4)
                0x0000000008003d5c                PROVIDE (__init_array_start = .)
 *(SORT_BY_NAME(.init_array.*))
 *(.init_array*)
 .init_array    0x0000000008003d5c        0x4 c:/st/stm32cubeide_1.1.0/stm32cubeide/plugins/com.st.stm32cube.ide.mcu.externaltools.gnu-tools-for-stm32.7-2018-q2-update.win32_1.0.0.201904181610/tools/bin/../lib/gcc/arm-none-eabi/7.3.1/thumb/v7e-m/fpv4-sp/hard/crtbegin.o
                0x0000000008003d60                PROVIDE (__init_array_end = .)
                0x0000000008003d60                . = ALIGN (0x4)

.fini_array     0x0000000008003d60        0x4
                0x0000000008003d60                . = ALIGN (0x4)
                [!provide]                        PROVIDE (__fini_array_start = .)
 *(SORT_BY_NAME(.fini_array.*))
 *(.fini_array*)
 .fini_array    0x0000000008003d60        0x4 c:/st/stm32cubeide_1.1.0/stm32cubeide/plugins/com.st.stm32cube.ide.mcu.externaltools.gnu-tools-for-stm32.7-2018-q2-update.win32_1.0.0.201904181610/tools/bin/../lib/gcc/arm-none-eabi/7.3.1/thumb/v7e-m/fpv4-sp/hard/crtbegin.o
                [!provide]                        PROVIDE (__fini_array_end = .)
                0x0000000008003d64                . = ALIGN (0x4)
                0x0000000008003d64                _sidata = LOADADDR (.data)

.data           0x0000000020000000        0xc load address 0x0000000008003d64
                0x0000000020000000                . = ALIGN (0x4)
                0x0000000020000000                _sdata = .
 *(.data)
 *(.data*)
 .data.SystemCoreClock
                0x0000000020000000        0x4 Core/Src/system_stm32f4xx.o
                0x0000000020000000                SystemCoreClock
 .data.uwTickPrio
                0x0000000020000004        0x4 Drivers/STM32F4xx_HAL_Driver/Src/stm32f4xx_hal.o
                0x0000000020000004                uwTickPrio
 .data.uwTickFreq
                0x0000000020000008        0x1 Drivers/STM32F4xx_HAL_Driver/Src/stm32f4xx_hal.o
                0x0000000020000008                uwTickFreq
                0x000000002000000c                . = ALIGN (0x4)
 *fill*         0x0000000020000009        0x3 
                0x000000002000000c                _edata = .

.igot.plt       0x000000002000000c        0x0 load address 0x0000000008003d70
 .igot.plt      0x000000002000000c        0x0 c:/st/stm32cubeide_1.1.0/stm32cubeide/plugins/com.st.stm32cube.ide.mcu.externaltools.gnu-tools-for-stm32.7-2018-q2-update.win32_1.0.0.201904181610/tools/bin/../lib/gcc/arm-none-eabi/7.3.1/thumb/v7e-m/fpv4-sp/hard/crtbegin.o
                0x000000002000000c                . = ALIGN (0x4)

.bss            0x000000002000000c      0x4f0 load address 0x0000000008003d70
                0x000000002000000c                _sbss = .
                0x000000002000000c                __bss_start__ = _sbss
 *(.bss)
 .bss           0x000000002000000c       0x1c c:/st/stm32cubeide_1.1.0/stm32cubeide/plugins/com.st.stm32cube.ide.mcu.externaltools.gnu-tools-for-stm32.7-2018-q2-update.win32_1.0.0.201904181610/tools/bin/../lib/gcc/arm-none-eabi/7.3.1/thumb/v7e-m/fpv4-sp/hard/crtbegin.o
 *(.bss*)
 *(COMMON)
 COMMON         0x0000000020000028       0x48 Core/Src/eth.o
                0x0000000020000028                heth
 COMMON         0x0000000020000070       0x40 Core/Src/tim.o
                0x0000000020000070                htim1
 COMMON         0x00000000200000b0       0x40 Core/Src/usart.o
                0x00000000200000b0                huart3
 COMMON         0x00000000200000f0      0x408 Core/Src/usb_otg.o
                0x00000000200000f0                hpcd_USB_OTG_FS
 COMMON         0x00000000200004f8        0x4 Drivers/STM32F4xx_HAL_Driver/Src/stm32f4xx_hal.o
                0x00000000200004f8                uwTick
                0x00000000200004fc                . = ALIGN (0x4)
                0x00000000200004fc                _ebss = .
                0x00000000200004fc                __bss_end__ = _ebss

._user_heap_stack
                0x00000000200004fc      0x604 load address 0x0000000008003d70
                0x0000000020000500                . = ALIGN (0x8)
 *fill*         0x00000000200004fc        0x4 
                0x0000000020000500                PROVIDE (end = .)
                [!provide]                        PROVIDE (_end = .)
                0x0000000020000700                . = (. + _Min_Heap_Size)
 *fill*         0x0000000020000500      0x200 
                0x0000000020000b00                . = (. + _Min_Stack_Size)
 *fill*         0x0000000020000700      0x400 
                0x0000000020000b00                . = ALIGN (0x8)

/DISCARD/
 libc.a(*)
 libm.a(*)
 libgcc.a(*)

.ARM.attributes
                0x0000000000000000       0x30
 *(.ARM.attributes)
 .ARM.attributes
                0x0000000000000000       0x22 c:/st/stm32cubeide_1.1.0/stm32cubeide/plugins/com.st.stm32cube.ide.mcu.externaltools.gnu-tools-for-stm32.7-2018-q2-update.win32_1.0.0.201904181610/tools/bin/../lib/gcc/arm-none-eabi/7.3.1/thumb/v7e-m/fpv4-sp/hard/crti.o
 .ARM.attributes
                0x0000000000000022       0x34 c:/st/stm32cubeide_1.1.0/stm32cubeide/plugins/com.st.stm32cube.ide.mcu.externaltools.gnu-tools-for-stm32.7-2018-q2-update.win32_1.0.0.201904181610/tools/bin/../lib/gcc/arm-none-eabi/7.3.1/thumb/v7e-m/fpv4-sp/hard/crtbegin.o
 .ARM.attributes
                0x0000000000000056       0x39 Core/Src/MVCD_ST7920lib.o
 .ARM.attributes
                0x000000000000008f       0x39 Core/Src/eth.o
 .ARM.attributes
                0x00000000000000c8       0x39 Core/Src/gpio.o
 .ARM.attributes
                0x0000000000000101       0x39 Core/Src/main.o
 .ARM.attributes
                0x000000000000013a       0x39 Core/Src/stm32f4xx_hal_msp.o
 .ARM.attributes
                0x0000000000000173       0x39 Core/Src/stm32f4xx_it.o
 .ARM.attributes
                0x00000000000001ac       0x39 Core/Src/system_stm32f4xx.o
 .ARM.attributes
                0x00000000000001e5       0x39 Core/Src/tim.o
 .ARM.attributes
                0x000000000000021e       0x39 Core/Src/usart.o
 .ARM.attributes
                0x0000000000000257       0x39 Core/Src/usb_otg.o
 .ARM.attributes
                0x0000000000000290       0x21 Core/Startup/startup_stm32f429zitx.o
 .ARM.attributes
                0x00000000000002b1       0x39 Drivers/STM32F4xx_HAL_Driver/Src/stm32f4xx_hal.o
 .ARM.attributes
                0x00000000000002ea       0x39 Drivers/STM32F4xx_HAL_Driver/Src/stm32f4xx_hal_cortex.o
 .ARM.attributes
                0x0000000000000323       0x39 Drivers/STM32F4xx_HAL_Driver/Src/stm32f4xx_hal_eth.o
 .ARM.attributes
                0x000000000000035c       0x39 Drivers/STM32F4xx_HAL_Driver/Src/stm32f4xx_hal_gpio.o
 .ARM.attributes
                0x0000000000000395       0x39 Drivers/STM32F4xx_HAL_Driver/Src/stm32f4xx_hal_pcd.o
 .ARM.attributes
                0x00000000000003ce       0x39 Drivers/STM32F4xx_HAL_Driver/Src/stm32f4xx_hal_rcc.o
 .ARM.attributes
                0x0000000000000407       0x39 Drivers/STM32F4xx_HAL_Driver/Src/stm32f4xx_hal_tim.o
 .ARM.attributes
                0x0000000000000440       0x39 Drivers/STM32F4xx_HAL_Driver/Src/stm32f4xx_hal_tim_ex.o
 .ARM.attributes
                0x0000000000000479       0x39 Drivers/STM32F4xx_HAL_Driver/Src/stm32f4xx_hal_uart.o
 .ARM.attributes
                0x00000000000004b2       0x39 Drivers/STM32F4xx_HAL_Driver/Src/stm32f4xx_ll_usb.o
 .ARM.attributes
                0x00000000000004eb       0x34 c:/st/stm32cubeide_1.1.0/stm32cubeide/plugins/com.st.stm32cube.ide.mcu.externaltools.gnu-tools-for-stm32.7-2018-q2-update.win32_1.0.0.201904181610/tools/bin/../lib/gcc/arm-none-eabi/7.3.1/../../../../arm-none-eabi/lib/thumb/v7e-m/fpv4-sp/hard\libc_nano.a(lib_a-init.o)
 .ARM.attributes
                0x000000000000051f       0x34 c:/st/stm32cubeide_1.1.0/stm32cubeide/plugins/com.st.stm32cube.ide.mcu.externaltools.gnu-tools-for-stm32.7-2018-q2-update.win32_1.0.0.201904181610/tools/bin/../lib/gcc/arm-none-eabi/7.3.1/../../../../arm-none-eabi/lib/thumb/v7e-m/fpv4-sp/hard\libc_nano.a(lib_a-memset.o)
 .ARM.attributes
                0x0000000000000553       0x22 c:/st/stm32cubeide_1.1.0/stm32cubeide/plugins/com.st.stm32cube.ide.mcu.externaltools.gnu-tools-for-stm32.7-2018-q2-update.win32_1.0.0.201904181610/tools/bin/../lib/gcc/arm-none-eabi/7.3.1/thumb/v7e-m/fpv4-sp/hard\libgcc.a(_aeabi_uldivmod.o)
 .ARM.attributes
                0x0000000000000575       0x34 c:/st/stm32cubeide_1.1.0/stm32cubeide/plugins/com.st.stm32cube.ide.mcu.externaltools.gnu-tools-for-stm32.7-2018-q2-update.win32_1.0.0.201904181610/tools/bin/../lib/gcc/arm-none-eabi/7.3.1/thumb/v7e-m/fpv4-sp/hard\libgcc.a(_udivmoddi4.o)
 .ARM.attributes
                0x00000000000005a9       0x22 c:/st/stm32cubeide_1.1.0/stm32cubeide/plugins/com.st.stm32cube.ide.mcu.externaltools.gnu-tools-for-stm32.7-2018-q2-update.win32_1.0.0.201904181610/tools/bin/../lib/gcc/arm-none-eabi/7.3.1/thumb/v7e-m/fpv4-sp/hard\libgcc.a(_dvmd_tls.o)
 .ARM.attributes
                0x00000000000005cb       0x22 c:/st/stm32cubeide_1.1.0/stm32cubeide/plugins/com.st.stm32cube.ide.mcu.externaltools.gnu-tools-for-stm32.7-2018-q2-update.win32_1.0.0.201904181610/tools/bin/../lib/gcc/arm-none-eabi/7.3.1/thumb/v7e-m/fpv4-sp/hard/crtn.o
OUTPUT(MVCD.elf elf32-littlearm)

.debug_info     0x0000000000000000    0x10772
 .debug_info    0x0000000000000000      0x7ad Core/Src/MVCD_ST7920lib.o
 .debug_info    0x00000000000007ad      0xc26 Core/Src/eth.o
 .debug_info    0x00000000000013d3      0x552 Core/Src/gpio.o
 .debug_info    0x0000000000001925     0x1733 Core/Src/main.o
 .debug_info    0x0000000000003058      0x37c Core/Src/stm32f4xx_hal_msp.o
 .debug_info    0x00000000000033d4      0x20a Core/Src/stm32f4xx_it.o
 .debug_info    0x00000000000035de      0x56e Core/Src/system_stm32f4xx.o
 .debug_info    0x0000000000003b4c      0x93d Core/Src/tim.o
 .debug_info    0x0000000000004489      0x964 Core/Src/usart.o
 .debug_info    0x0000000000004ded      0x95e Core/Src/usb_otg.o
 .debug_info    0x000000000000574b       0x22 Core/Startup/startup_stm32f429zitx.o
 .debug_info    0x000000000000576d      0x9b9 Drivers/STM32F4xx_HAL_Driver/Src/stm32f4xx_hal.o
 .debug_info    0x0000000000006126      0xe5e Drivers/STM32F4xx_HAL_Driver/Src/stm32f4xx_hal_cortex.o
 .debug_info    0x0000000000006f84     0x14c4 Drivers/STM32F4xx_HAL_Driver/Src/stm32f4xx_hal_eth.o
 .debug_info    0x0000000000008448      0x7cf Drivers/STM32F4xx_HAL_Driver/Src/stm32f4xx_hal_gpio.o
 .debug_info    0x0000000000008c17     0x1114 Drivers/STM32F4xx_HAL_Driver/Src/stm32f4xx_hal_pcd.o
 .debug_info    0x0000000000009d2b      0x91e Drivers/STM32F4xx_HAL_Driver/Src/stm32f4xx_hal_rcc.o
 .debug_info    0x000000000000a649     0x24a9 Drivers/STM32F4xx_HAL_Driver/Src/stm32f4xx_hal_tim.o
 .debug_info    0x000000000000caf2     0x1157 Drivers/STM32F4xx_HAL_Driver/Src/stm32f4xx_hal_tim_ex.o
 .debug_info    0x000000000000dc49     0x124c Drivers/STM32F4xx_HAL_Driver/Src/stm32f4xx_hal_uart.o
 .debug_info    0x000000000000ee95     0x18dd Drivers/STM32F4xx_HAL_Driver/Src/stm32f4xx_ll_usb.o

.debug_abbrev   0x0000000000000000     0x24db
 .debug_abbrev  0x0000000000000000      0x1a8 Core/Src/MVCD_ST7920lib.o
 .debug_abbrev  0x00000000000001a8      0x1a9 Core/Src/eth.o
 .debug_abbrev  0x0000000000000351      0x134 Core/Src/gpio.o
 .debug_abbrev  0x0000000000000485      0x1ff Core/Src/main.o
 .debug_abbrev  0x0000000000000684      0x109 Core/Src/stm32f4xx_hal_msp.o
 .debug_abbrev  0x000000000000078d       0xc6 Core/Src/stm32f4xx_it.o
 .debug_abbrev  0x0000000000000853      0x12b Core/Src/system_stm32f4xx.o
 .debug_abbrev  0x000000000000097e      0x190 Core/Src/tim.o
 .debug_abbrev  0x0000000000000b0e      0x199 Core/Src/usart.o
 .debug_abbrev  0x0000000000000ca7      0x1b2 Core/Src/usb_otg.o
 .debug_abbrev  0x0000000000000e59       0x12 Core/Startup/startup_stm32f429zitx.o
 .debug_abbrev  0x0000000000000e6b      0x1c7 Drivers/STM32F4xx_HAL_Driver/Src/stm32f4xx_hal.o
 .debug_abbrev  0x0000000000001032      0x2fa Drivers/STM32F4xx_HAL_Driver/Src/stm32f4xx_hal_cortex.o
 .debug_abbrev  0x000000000000132c      0x23e Drivers/STM32F4xx_HAL_Driver/Src/stm32f4xx_hal_eth.o
 .debug_abbrev  0x000000000000156a      0x1c9 Drivers/STM32F4xx_HAL_Driver/Src/stm32f4xx_hal_gpio.o
 .debug_abbrev  0x0000000000001733      0x266 Drivers/STM32F4xx_HAL_Driver/Src/stm32f4xx_hal_pcd.o
 .debug_abbrev  0x0000000000001999      0x245 Drivers/STM32F4xx_HAL_Driver/Src/stm32f4xx_hal_rcc.o
 .debug_abbrev  0x0000000000001bde      0x230 Drivers/STM32F4xx_HAL_Driver/Src/stm32f4xx_hal_tim.o
 .debug_abbrev  0x0000000000001e0e      0x21e Drivers/STM32F4xx_HAL_Driver/Src/stm32f4xx_hal_tim_ex.o
 .debug_abbrev  0x000000000000202c      0x242 Drivers/STM32F4xx_HAL_Driver/Src/stm32f4xx_hal_uart.o
 .debug_abbrev  0x000000000000226e      0x26d Drivers/STM32F4xx_HAL_Driver/Src/stm32f4xx_ll_usb.o

.debug_aranges  0x0000000000000000      0xfb8
 .debug_aranges
                0x0000000000000000       0x38 Core/Src/MVCD_ST7920lib.o
 .debug_aranges
                0x0000000000000038       0x30 Core/Src/eth.o
 .debug_aranges
                0x0000000000000068       0x20 Core/Src/gpio.o
 .debug_aranges
                0x0000000000000088       0x30 Core/Src/main.o
 .debug_aranges
                0x00000000000000b8       0x20 Core/Src/stm32f4xx_hal_msp.o
 .debug_aranges
                0x00000000000000d8       0x60 Core/Src/stm32f4xx_it.o
 .debug_aranges
                0x0000000000000138       0x28 Core/Src/system_stm32f4xx.o
 .debug_aranges
                0x0000000000000160       0x30 Core/Src/tim.o
 .debug_aranges
                0x0000000000000190       0x30 Core/Src/usart.o
 .debug_aranges
                0x00000000000001c0       0x30 Core/Src/usb_otg.o
 .debug_aranges
                0x00000000000001f0       0x28 Core/Startup/startup_stm32f429zitx.o
 .debug_aranges
                0x0000000000000218      0x100 Drivers/STM32F4xx_HAL_Driver/Src/stm32f4xx_hal.o
 .debug_aranges
                0x0000000000000318      0x118 Drivers/STM32F4xx_HAL_Driver/Src/stm32f4xx_hal_cortex.o
 .debug_aranges
                0x0000000000000430      0x118 Drivers/STM32F4xx_HAL_Driver/Src/stm32f4xx_hal_eth.o
 .debug_aranges
                0x0000000000000548       0x58 Drivers/STM32F4xx_HAL_Driver/Src/stm32f4xx_hal_gpio.o
 .debug_aranges
                0x00000000000005a0      0x130 Drivers/STM32F4xx_HAL_Driver/Src/stm32f4xx_hal_pcd.o
 .debug_aranges
                0x00000000000006d0       0x88 Drivers/STM32F4xx_HAL_Driver/Src/stm32f4xx_hal_rcc.o
 .debug_aranges
                0x0000000000000758      0x3a8 Drivers/STM32F4xx_HAL_Driver/Src/stm32f4xx_hal_tim.o
 .debug_aranges
                0x0000000000000b00      0x150 Drivers/STM32F4xx_HAL_Driver/Src/stm32f4xx_hal_tim_ex.o
 .debug_aranges
                0x0000000000000c50      0x1d0 Drivers/STM32F4xx_HAL_Driver/Src/stm32f4xx_hal_uart.o
 .debug_aranges
                0x0000000000000e20      0x198 Drivers/STM32F4xx_HAL_Driver/Src/stm32f4xx_ll_usb.o

.debug_ranges   0x0000000000000000      0xe70
 .debug_ranges  0x0000000000000000       0x28 Core/Src/MVCD_ST7920lib.o
 .debug_ranges  0x0000000000000028       0x20 Core/Src/eth.o
 .debug_ranges  0x0000000000000048       0x10 Core/Src/gpio.o
 .debug_ranges  0x0000000000000058       0x20 Core/Src/main.o
 .debug_ranges  0x0000000000000078       0x10 Core/Src/stm32f4xx_hal_msp.o
 .debug_ranges  0x0000000000000088       0x50 Core/Src/stm32f4xx_it.o
 .debug_ranges  0x00000000000000d8       0x18 Core/Src/system_stm32f4xx.o
 .debug_ranges  0x00000000000000f0       0x20 Core/Src/tim.o
 .debug_ranges  0x0000000000000110       0x20 Core/Src/usart.o
 .debug_ranges  0x0000000000000130       0x20 Core/Src/usb_otg.o
 .debug_ranges  0x0000000000000150       0x20 Core/Startup/startup_stm32f429zitx.o
 .debug_ranges  0x0000000000000170       0xf0 Drivers/STM32F4xx_HAL_Driver/Src/stm32f4xx_hal.o
 .debug_ranges  0x0000000000000260      0x108 Drivers/STM32F4xx_HAL_Driver/Src/stm32f4xx_hal_cortex.o
 .debug_ranges  0x0000000000000368      0x108 Drivers/STM32F4xx_HAL_Driver/Src/stm32f4xx_hal_eth.o
 .debug_ranges  0x0000000000000470       0x48 Drivers/STM32F4xx_HAL_Driver/Src/stm32f4xx_hal_gpio.o
 .debug_ranges  0x00000000000004b8      0x120 Drivers/STM32F4xx_HAL_Driver/Src/stm32f4xx_hal_pcd.o
 .debug_ranges  0x00000000000005d8       0x78 Drivers/STM32F4xx_HAL_Driver/Src/stm32f4xx_hal_rcc.o
 .debug_ranges  0x0000000000000650      0x398 Drivers/STM32F4xx_HAL_Driver/Src/stm32f4xx_hal_tim.o
 .debug_ranges  0x00000000000009e8      0x140 Drivers/STM32F4xx_HAL_Driver/Src/stm32f4xx_hal_tim_ex.o
 .debug_ranges  0x0000000000000b28      0x1c0 Drivers/STM32F4xx_HAL_Driver/Src/stm32f4xx_hal_uart.o
 .debug_ranges  0x0000000000000ce8      0x188 Drivers/STM32F4xx_HAL_Driver/Src/stm32f4xx_ll_usb.o

.debug_macro    0x0000000000000000    0x24be7
 .debug_macro   0x0000000000000000      0x248 Core/Src/MVCD_ST7920lib.o
 .debug_macro   0x0000000000000248      0xa5a Core/Src/MVCD_ST7920lib.o
 .debug_macro   0x0000000000000ca2      0x1a4 Core/Src/MVCD_ST7920lib.o
 .debug_macro   0x0000000000000e46       0x32 Core/Src/MVCD_ST7920lib.o
 .debug_macro   0x0000000000000e78       0x28 Core/Src/MVCD_ST7920lib.o
 .debug_macro   0x0000000000000ea0       0x22 Core/Src/MVCD_ST7920lib.o
 .debug_macro   0x0000000000000ec2       0x8e Core/Src/MVCD_ST7920lib.o
 .debug_macro   0x0000000000000f50       0x51 Core/Src/MVCD_ST7920lib.o
 .debug_macro   0x0000000000000fa1       0xef Core/Src/MVCD_ST7920lib.o
 .debug_macro   0x0000000000001090       0x6a Core/Src/MVCD_ST7920lib.o
 .debug_macro   0x00000000000010fa      0x1df Core/Src/MVCD_ST7920lib.o
 .debug_macro   0x00000000000012d9       0x1c Core/Src/MVCD_ST7920lib.o
 .debug_macro   0x00000000000012f5       0x22 Core/Src/MVCD_ST7920lib.o
 .debug_macro   0x0000000000001317       0xdf Core/Src/MVCD_ST7920lib.o
 .debug_macro   0x00000000000013f6     0x102d Core/Src/MVCD_ST7920lib.o
 .debug_macro   0x0000000000002423      0x11f Core/Src/MVCD_ST7920lib.o
 .debug_macro   0x0000000000002542    0x17f79 Core/Src/MVCD_ST7920lib.o
 .debug_macro   0x000000000001a4bb       0x43 Core/Src/MVCD_ST7920lib.o
 .debug_macro   0x000000000001a4fe     0x36c2 Core/Src/MVCD_ST7920lib.o
 .debug_macro   0x000000000001dbc0      0x174 Core/Src/MVCD_ST7920lib.o
 .debug_macro   0x000000000001dd34       0x5a Core/Src/MVCD_ST7920lib.o
 .debug_macro   0x000000000001dd8e      0xca5 Core/Src/MVCD_ST7920lib.o
 .debug_macro   0x000000000001ea33      0x9fe Core/Src/MVCD_ST7920lib.o
 .debug_macro   0x000000000001f431      0x182 Core/Src/MVCD_ST7920lib.o
 .debug_macro   0x000000000001f5b3      0x117 Core/Src/MVCD_ST7920lib.o
 .debug_macro   0x000000000001f6ca      0x157 Core/Src/MVCD_ST7920lib.o
 .debug_macro   0x000000000001f821       0x27 Core/Src/MVCD_ST7920lib.o
 .debug_macro   0x000000000001f848      0x287 Core/Src/MVCD_ST7920lib.o
 .debug_macro   0x000000000001facf       0x5f Core/Src/MVCD_ST7920lib.o
 .debug_macro   0x000000000001fb2e      0x236 Core/Src/MVCD_ST7920lib.o
 .debug_macro   0x000000000001fd64      0xccf Core/Src/MVCD_ST7920lib.o
 .debug_macro   0x0000000000020a33      0x132 Core/Src/MVCD_ST7920lib.o
 .debug_macro   0x0000000000020b65      0x41d Core/Src/MVCD_ST7920lib.o
 .debug_macro   0x0000000000020f82       0x2e Core/Src/MVCD_ST7920lib.o
 .debug_macro   0x0000000000020fb0      0x11a Core/Src/MVCD_ST7920lib.o
 .debug_macro   0x00000000000210ca       0xe2 Core/Src/MVCD_ST7920lib.o
 .debug_macro   0x00000000000211ac       0x89 Core/Src/MVCD_ST7920lib.o
 .debug_macro   0x0000000000021235      0x8a0 Core/Src/MVCD_ST7920lib.o
 .debug_macro   0x0000000000021ad5       0x47 Core/Src/MVCD_ST7920lib.o
 .debug_macro   0x0000000000021b1c      0x287 Core/Src/MVCD_ST7920lib.o
 .debug_macro   0x0000000000021da3      0x225 Core/Src/MVCD_ST7920lib.o
 .debug_macro   0x0000000000021fc8       0xe4 Core/Src/MVCD_ST7920lib.o
 .debug_macro   0x00000000000220ac      0x134 Core/Src/MVCD_ST7920lib.o
 .debug_macro   0x00000000000221e0       0x16 Core/Src/MVCD_ST7920lib.o
 .debug_macro   0x00000000000221f6      0x136 Core/Src/MVCD_ST7920lib.o
 .debug_macro   0x000000000002232c      0x215 Core/Src/eth.o
 .debug_macro   0x0000000000022541      0x130 Core/Src/eth.o
 .debug_macro   0x0000000000022671      0x215 Core/Src/gpio.o
 .debug_macro   0x0000000000022886      0x24a Core/Src/main.o
 .debug_macro   0x0000000000022ad0      0x20b Core/Src/stm32f4xx_hal_msp.o
 .debug_macro   0x0000000000022cdb      0x215 Core/Src/stm32f4xx_it.o
 .debug_macro   0x0000000000022ef0      0x202 Core/Src/system_stm32f4xx.o
 .debug_macro   0x00000000000230f2      0x215 Core/Src/tim.o
 .debug_macro   0x0000000000023307      0x215 Core/Src/usart.o
 .debug_macro   0x000000000002351c      0x215 Core/Src/usb_otg.o
 .debug_macro   0x0000000000023731      0x25c Drivers/STM32F4xx_HAL_Driver/Src/stm32f4xx_hal.o
 .debug_macro   0x000000000002398d      0x1fc Drivers/STM32F4xx_HAL_Driver/Src/stm32f4xx_hal_cortex.o
 .debug_macro   0x0000000000023b89      0x212 Drivers/STM32F4xx_HAL_Driver/Src/stm32f4xx_hal_eth.o
 .debug_macro   0x0000000000023d9b      0x232 Drivers/STM32F4xx_HAL_Driver/Src/stm32f4xx_hal_gpio.o
 .debug_macro   0x0000000000023fcd      0x208 Drivers/STM32F4xx_HAL_Driver/Src/stm32f4xx_hal_pcd.o
 .debug_macro   0x00000000000241d5      0x220 Drivers/STM32F4xx_HAL_Driver/Src/stm32f4xx_hal_rcc.o
 .debug_macro   0x00000000000243f5      0x1fd Drivers/STM32F4xx_HAL_Driver/Src/stm32f4xx_hal_tim.o
 .debug_macro   0x00000000000245f2      0x1fc Drivers/STM32F4xx_HAL_Driver/Src/stm32f4xx_hal_tim_ex.o
 .debug_macro   0x00000000000247ee      0x1fd Drivers/STM32F4xx_HAL_Driver/Src/stm32f4xx_hal_uart.o
 .debug_macro   0x00000000000249eb      0x1fc Drivers/STM32F4xx_HAL_Driver/Src/stm32f4xx_ll_usb.o

.debug_line     0x0000000000000000     0xd0de
 .debug_line    0x0000000000000000      0x7a7 Core/Src/MVCD_ST7920lib.o
 .debug_line    0x00000000000007a7      0x771 Core/Src/eth.o
 .debug_line    0x0000000000000f18      0x742 Core/Src/gpio.o
 .debug_line    0x000000000000165a      0x7af Core/Src/main.o
 .debug_line    0x0000000000001e09      0x71f Core/Src/stm32f4xx_hal_msp.o
 .debug_line    0x0000000000002528      0x7c3 Core/Src/stm32f4xx_it.o
 .debug_line    0x0000000000002ceb      0x73a Core/Src/system_stm32f4xx.o
 .debug_line    0x0000000000003425      0x74e Core/Src/tim.o
 .debug_line    0x0000000000003b73      0x753 Core/Src/usart.o
 .debug_line    0x00000000000042c6      0x760 Core/Src/usb_otg.o
 .debug_line    0x0000000000004a26       0x86 Core/Startup/startup_stm32f429zitx.o
 .debug_line    0x0000000000004aac      0x948 Drivers/STM32F4xx_HAL_Driver/Src/stm32f4xx_hal.o
 .debug_line    0x00000000000053f4      0xa48 Drivers/STM32F4xx_HAL_Driver/Src/stm32f4xx_hal_cortex.o
 .debug_line    0x0000000000005e3c      0xe13 Drivers/STM32F4xx_HAL_Driver/Src/stm32f4xx_hal_eth.o
 .debug_line    0x0000000000006c4f      0x92b Drivers/STM32F4xx_HAL_Driver/Src/stm32f4xx_hal_gpio.o
 .debug_line    0x000000000000757a      0xc99 Drivers/STM32F4xx_HAL_Driver/Src/stm32f4xx_hal_pcd.o
 .debug_line    0x0000000000008213      0x97c Drivers/STM32F4xx_HAL_Driver/Src/stm32f4xx_hal_rcc.o
 .debug_line    0x0000000000008b8f     0x199d Drivers/STM32F4xx_HAL_Driver/Src/stm32f4xx_hal_tim.o
 .debug_line    0x000000000000a52c      0xd3a Drivers/STM32F4xx_HAL_Driver/Src/stm32f4xx_hal_tim_ex.o
 .debug_line    0x000000000000b266     0x1032 Drivers/STM32F4xx_HAL_Driver/Src/stm32f4xx_hal_uart.o
 .debug_line    0x000000000000c298      0xe46 Drivers/STM32F4xx_HAL_Driver/Src/stm32f4xx_ll_usb.o

.debug_str      0x0000000000000000    0xdf0b9
 .debug_str     0x0000000000000000    0xda449 Core/Src/MVCD_ST7920lib.o
                                      0xda73d (size before relaxing)
 .debug_str     0x00000000000da449      0x5e6 Core/Src/eth.o
                                      0xda828 (size before relaxing)
 .debug_str     0x00000000000daa2f       0x2a Core/Src/gpio.o
                                      0xda366 (size before relaxing)
 .debug_str     0x00000000000daa59      0x63d Core/Src/main.o
                                      0xdb23b (size before relaxing)
 .debug_str     0x00000000000db096       0x2c Core/Src/stm32f4xx_hal_msp.o
                                      0xda2cb (size before relaxing)
 .debug_str     0x00000000000db0c2       0xbd Core/Src/stm32f4xx_it.o
                                      0xda246 (size before relaxing)
 .debug_str     0x00000000000db17f       0xc4 Core/Src/system_stm32f4xx.o
                                      0xd9e91 (size before relaxing)
 .debug_str     0x00000000000db243       0xf7 Core/Src/tim.o
                                      0xda7f6 (size before relaxing)
 .debug_str     0x00000000000db33a       0x57 Core/Src/usart.o
                                      0xda7a6 (size before relaxing)
 .debug_str     0x00000000000db391       0x59 Core/Src/usb_otg.o
                                      0xda74a (size before relaxing)
 .debug_str     0x00000000000db3ea       0x36 Core/Startup/startup_stm32f429zitx.o
                                         0x6c (size before relaxing)
 .debug_str     0x00000000000db420      0xb07 Drivers/STM32F4xx_HAL_Driver/Src/stm32f4xx_hal.o
                                      0xda9fd (size before relaxing)
 .debug_str     0x00000000000dbf27      0x394 Drivers/STM32F4xx_HAL_Driver/Src/stm32f4xx_hal_cortex.o
                                      0xda79e (size before relaxing)
 .debug_str     0x00000000000dc2bb      0x761 Drivers/STM32F4xx_HAL_Driver/Src/stm32f4xx_hal_eth.o
                                      0xdaa5c (size before relaxing)
 .debug_str     0x00000000000dca1c      0x1e9 Drivers/STM32F4xx_HAL_Driver/Src/stm32f4xx_hal_gpio.o
                                      0xda0d0 (size before relaxing)
 .debug_str     0x00000000000dcc05      0x52a Drivers/STM32F4xx_HAL_Driver/Src/stm32f4xx_hal_pcd.o
                                      0xda61e (size before relaxing)
 .debug_str     0x00000000000dd12f      0x259 Drivers/STM32F4xx_HAL_Driver/Src/stm32f4xx_hal_rcc.o
                                      0xda27e (size before relaxing)
 .debug_str     0x00000000000dd388      0xcf9 Drivers/STM32F4xx_HAL_Driver/Src/stm32f4xx_hal_tim.o
                                      0xdaf8a (size before relaxing)
 .debug_str     0x00000000000de081      0x4a2 Drivers/STM32F4xx_HAL_Driver/Src/stm32f4xx_hal_tim_ex.o
                                      0xda78a (size before relaxing)
 .debug_str     0x00000000000de523      0x51c Drivers/STM32F4xx_HAL_Driver/Src/stm32f4xx_hal_uart.o
                                      0xda6ca (size before relaxing)
 .debug_str     0x00000000000dea3f      0x67a Drivers/STM32F4xx_HAL_Driver/Src/stm32f4xx_ll_usb.o
                                      0xda752 (size before relaxing)

.comment        0x0000000000000000       0x7b
 .comment       0x0000000000000000       0x7b Core/Src/MVCD_ST7920lib.o
                                         0x7c (size before relaxing)
 .comment       0x000000000000007b       0x7c Core/Src/eth.o
 .comment       0x000000000000007b       0x7c Core/Src/gpio.o
 .comment       0x000000000000007b       0x7c Core/Src/main.o
 .comment       0x000000000000007b       0x7c Core/Src/stm32f4xx_hal_msp.o
 .comment       0x000000000000007b       0x7c Core/Src/stm32f4xx_it.o
 .comment       0x000000000000007b       0x7c Core/Src/system_stm32f4xx.o
 .comment       0x000000000000007b       0x7c Core/Src/tim.o
 .comment       0x000000000000007b       0x7c Core/Src/usart.o
 .comment       0x000000000000007b       0x7c Core/Src/usb_otg.o
 .comment       0x000000000000007b       0x7c Drivers/STM32F4xx_HAL_Driver/Src/stm32f4xx_hal.o
 .comment       0x000000000000007b       0x7c Drivers/STM32F4xx_HAL_Driver/Src/stm32f4xx_hal_cortex.o
 .comment       0x000000000000007b       0x7c Drivers/STM32F4xx_HAL_Driver/Src/stm32f4xx_hal_eth.o
 .comment       0x000000000000007b       0x7c Drivers/STM32F4xx_HAL_Driver/Src/stm32f4xx_hal_gpio.o
 .comment       0x000000000000007b       0x7c Drivers/STM32F4xx_HAL_Driver/Src/stm32f4xx_hal_pcd.o
 .comment       0x000000000000007b       0x7c Drivers/STM32F4xx_HAL_Driver/Src/stm32f4xx_hal_rcc.o
 .comment       0x000000000000007b       0x7c Drivers/STM32F4xx_HAL_Driver/Src/stm32f4xx_hal_tim.o
 .comment       0x000000000000007b       0x7c Drivers/STM32F4xx_HAL_Driver/Src/stm32f4xx_hal_tim_ex.o
 .comment       0x000000000000007b       0x7c Drivers/STM32F4xx_HAL_Driver/Src/stm32f4xx_hal_uart.o
 .comment       0x000000000000007b       0x7c Drivers/STM32F4xx_HAL_Driver/Src/stm32f4xx_ll_usb.o

.debug_frame    0x0000000000000000     0x4198
 .debug_frame   0x0000000000000000       0x9c Core/Src/MVCD_ST7920lib.o
 .debug_frame   0x000000000000009c       0x74 Core/Src/eth.o
 .debug_frame   0x0000000000000110       0x34 Core/Src/gpio.o
 .debug_frame   0x0000000000000144       0x70 Core/Src/main.o
 .debug_frame   0x00000000000001b4       0x38 Core/Src/stm32f4xx_hal_msp.o
 .debug_frame   0x00000000000001ec      0x10c Core/Src/stm32f4xx_it.o
 .debug_frame   0x00000000000002f8       0x58 Core/Src/system_stm32f4xx.o
 .debug_frame   0x0000000000000350       0x84 Core/Src/tim.o
 .debug_frame   0x00000000000003d4       0x74 Core/Src/usart.o
 .debug_frame   0x0000000000000448       0x74 Core/Src/usb_otg.o
 .debug_frame   0x00000000000004bc      0x3b4 Drivers/STM32F4xx_HAL_Driver/Src/stm32f4xx_hal.o
 .debug_frame   0x0000000000000870      0x498 Drivers/STM32F4xx_HAL_Driver/Src/stm32f4xx_hal_cortex.o
 .debug_frame   0x0000000000000d08      0x4dc Drivers/STM32F4xx_HAL_Driver/Src/stm32f4xx_hal_eth.o
 .debug_frame   0x00000000000011e4      0x14c Drivers/STM32F4xx_HAL_Driver/Src/stm32f4xx_hal_gpio.o
 .debug_frame   0x0000000000001330      0x548 Drivers/STM32F4xx_HAL_Driver/Src/stm32f4xx_hal_pcd.o
 .debug_frame   0x0000000000001878      0x1f0 Drivers/STM32F4xx_HAL_Driver/Src/stm32f4xx_hal_rcc.o
 .debug_frame   0x0000000000001a68     0x10f0 Drivers/STM32F4xx_HAL_Driver/Src/stm32f4xx_hal_tim.o
 .debug_frame   0x0000000000002b58      0x5c0 Drivers/STM32F4xx_HAL_Driver/Src/stm32f4xx_hal_tim_ex.o
 .debug_frame   0x0000000000003118      0x844 Drivers/STM32F4xx_HAL_Driver/Src/stm32f4xx_hal_uart.o
 .debug_frame   0x000000000000395c      0x790 Drivers/STM32F4xx_HAL_Driver/Src/stm32f4xx_ll_usb.o
 .debug_frame   0x00000000000040ec       0x2c c:/st/stm32cubeide_1.1.0/stm32cubeide/plugins/com.st.stm32cube.ide.mcu.externaltools.gnu-tools-for-stm32.7-2018-q2-update.win32_1.0.0.201904181610/tools/bin/../lib/gcc/arm-none-eabi/7.3.1/../../../../arm-none-eabi/lib/thumb/v7e-m/fpv4-sp/hard\libc_nano.a(lib_a-init.o)
 .debug_frame   0x0000000000004118       0x20 c:/st/stm32cubeide_1.1.0/stm32cubeide/plugins/com.st.stm32cube.ide.mcu.externaltools.gnu-tools-for-stm32.7-2018-q2-update.win32_1.0.0.201904181610/tools/bin/../lib/gcc/arm-none-eabi/7.3.1/../../../../arm-none-eabi/lib/thumb/v7e-m/fpv4-sp/hard\libc_nano.a(lib_a-memset.o)
 .debug_frame   0x0000000000004138       0x2c c:/st/stm32cubeide_1.1.0/stm32cubeide/plugins/com.st.stm32cube.ide.mcu.externaltools.gnu-tools-for-stm32.7-2018-q2-update.win32_1.0.0.201904181610/tools/bin/../lib/gcc/arm-none-eabi/7.3.1/thumb/v7e-m/fpv4-sp/hard\libgcc.a(_aeabi_uldivmod.o)
 .debug_frame   0x0000000000004164       0x34 c:/st/stm32cubeide_1.1.0/stm32cubeide/plugins/com.st.stm32cube.ide.mcu.externaltools.gnu-tools-for-stm32.7-2018-q2-update.win32_1.0.0.201904181610/tools/bin/../lib/gcc/arm-none-eabi/7.3.1/thumb/v7e-m/fpv4-sp/hard\libgcc.a(_udivmoddi4.o)
